本文由mscat编写
1999.12.30
纵横天下2
    西藏指掌图.总图:

                                       鸣沙堡

                                      南疆沙漠

                                    传说之泉

                            密宗.金轮派*

                                      山路
                       布达拉宫*                            四川

                             鹰记商号

                     拉萨.大招寺*     草原      雪山

                   采石场    迎梅客栈

昆仑之墟(九宫阵)       蛤蟆洞       万丈深渊   雪梅洞雪山寺*
					恶人谷*

             雅鲁藏布江
                     铁索桥
           珠穆朗玛峰
         世界屋脊


交通图:

雪山寺图:

                                               成都0(出川路)
                                                 /
雪山2-雪山1(不可向南)--------------------------雪山0
        |              密室                      |
        |              密道-内殿-天台            |
        |            藏经阁-走廊3-禅室(休)       |
     山路(随机n)     走廊2-eu大厅wu-走廊1        |
     后门               up         up            |
     后院-地牢         侧殿2-大殿-侧殿1          |
       |                       |   厨房(打工)    |
库房 练武场------------------广场--小院          |
                             山门                |
                             山路2-山路1         |
                                   山脚          |
                                   湖边4         |
                                   湖边3         |
                  湖中(随机到1-4)  /             |
               圣湖-湖边1(swim)-湖边2         向南山路
               土路3                            /
          客店-土路2-土路1--------------------草原

雪山寺依山而建,雄伟壮观,比拉萨的布达拉宫虽稍逊色,但在康藏
交界处已是最大的寺庙.尤其住持鸠摩智上人佛法精深, 每逢十年一度
的开坛讲经,远在天竺,大理,中原等地的僧人齐来听讲, 庄严法相更是
非同一般.上人甚至因此遭到达赖班禅两活佛与新加国师封号的密宗金
轮法王的嫉妒,勒令门人不得与雪山寺来往.

雪梅洞图:

雪山5-雪山4-雪山3-雪山2-雪山1
              |
            冰川小路1
              |
            雪山小路2
              |
            小路3          内洞
              \              |(秘密入口)
            雪梅谷-enter-雪梅洞口


拉萨草图:
                  上坡路(去布达拉宫)
                         |
                  商店-宫前街
                         |
民居-街道-八角街-八角街-路口-----------------------八角街-鹰记商号-商号后院
     民居    |                                       |
             |                  墙洞-木屋            |
             |                    |                  |            (连接宫后)
          八角街   休息室(男)   禅房 厨房          八角街       塔顶 城外
             |          |         |    |             |           up   |
          八角街 塔林-后院-大殿-大院-前院-大招寺门-八角街-------城门-草原
             |          |         |    |             |
          八角街   休息室(女)   禅房 禅房          八角街-迎梅客栈-客房
     民居    |                                       |
民居-街道-八角街-路口-八角街-八角街----------------八角街
     民居        小路
                 /
            采石场(打工)
               /
          小路(去峡谷)

布达拉宫草图:
                  塔顶      后殿平台     石经室2
  (地道成功进入)   up          nu           |
    金球存放处   灵骨塔-后院2-后殿-后院1-石经室1
      (出口)                   nu
      藏宝殿(锁门)            台阶
         |                     nu
        西侧殿2-甬道-西侧殿1-讲经房(达赖)-东侧殿1-甬道-东侧殿2
                               nu
  女休息室-西殿(丹玛女活佛)   台阶        东殿-男休息室
                   |           nu           |
                明灯室2-甬道-断事司-甬道-明灯室1
                               nu                          垃圾场-城外
           客人休息室(收费)   台阶    抄经房(打工)-藏经室2 (失败)
                   |           nu          |         |     (迷宫)
          参禅室-诵经房1-甬道-前殿-甬道-诵经房2----藏经室1  地道
                               nu                          (秘密)
        杂役房1   厨房-饭厅---前院2--茶室                  杂役房2
           |             |     |       |                      |
  材料库-甬道---甬道---甬道---前院1--甬道---甬道---甬道-----甬道-香料库
           |      |      |     |       |      |      |        |
        金器作 木器作 铁器作   |    茶工房 漆工房 石匠房    衣袍作
                               |
               羁押室-守卫室-前门-前门楼
                              nu
                             台阶-wu-台阶-wu-台阶
                                              nu
                             台阶-eu-台阶-eu-台阶
                              nu
                    邸报馆 青石板路
                       |       |
                    拉萨驿--转角路-上坡路
                                     nu
                                上坡路(去八角街)


密宗金轮派札什伦布寺草图:

                                                        山路(去昆仑)
                                                              |
                            崎岖山路------------------------山路
                                |                             |
               密室           后门                            |
              (机关)            |                             |
               洞内-山洞-山坡-后院--菜园-厨房                 |
                                |                             |
塔楼顶层      藏经阁二层 禅房   |   禅房                      |
   up             up       |    |     |                       |
 塔楼4           藏经阁---走廊-后殿--走廊-平台                |
   up                           |                             |
 塔楼3            北阁 休息室  走廊 客房(收费)                |
   up              up     |     |       |                     |
 塔楼2 守塔人屋   北殿  西厢-中央大殿-东厢       守卫室       |
   up      |        |     |     |       |           |         nu
  塔楼---塔院-up-石板路-甬道-殿前广场-甬道-前门殿-前院-寺门wu山路
           |        |     |     |       |           |         |
        明灯室    南殿 诵经室-甬道---讲经房      杂役房       |
                   up           |                             |
  草坪-后山小平台-南阁       石板路                           |
   up                           |                             nu
 大练武场-up-演武厅-小练武场-石板路-山崖边(jump)/(climb)-----山路
                |               |                             |
           武籍存放处        兵器库                           |
             (秘密)          (秘密)                           |
             小密室        兵器库密室                         |
                                                              nu
                                                         山路(去草原)
                                                              |
                                                     草原(去拉萨)-山路-雪山
                                                                   |
                                                                 悬崖
                                                               (climb)
                                                               万丈深谷

