
 纵横天下总图（东南部分）

                                          黄河南岸   黄河南岸
黄河南岸                                      |          |
     \                                        |         济南－泰山
     兰州                                 少林|          |
       \                                   |  |          |
        －－－－－－－京城－－－－－－洛阳－开封－－－－徐州
            |     古墓_|    |        / |      |          |
            |          |  华山  擂鼓山 |      |          |
            |黑松堡  全真      武当    |      |          |
            |/                   \     |      |          |
   青城派 剑门关－－－－－－－－－－襄阳      |          |
      \    /                           \      |          |
金沙江－－成都                         ~~~长江~~~    ~~~长江~~~
       /   |                               |             |
    唐门  / \                            武昌             \
    峨嵋派   茅山派                     /                  金陵－－－苏州
                 ~~~长江~~~           岳阳（丐帮）                    |
                         \             |                             杭州
                          |            |                              | 
                          |            |                              | 
                        贵阳－－－－－长沙－－－－马鞍山 －－－－－－乔阴（步玄派）
                           \           |                               \ 
                           青石村      |－天邪派                        \ 
                                       |  ____晚月庄                  武夷山－福州$灵蛇岛
                                       | /                                 |
                                      广州                               泉州$桃花岛
                                       |
                              危崖前－小路……海边路
                                                 |
                                               海边
                                                 $
                                              常春岛（铁血大旗门）   
                                      
  
