
纵横天下总图（东北部分）

                                 幽明山庄
                                      \
                                       长白山  
                                         | 
                                         | 
                                         |                               
                                         | 
                                 魔域   驿道
                                   |     |
                             草原－－－奉天－鸭绿江渡口
                                        /
                              雪亭镇   /
                                    \ |
                                    驿道
                                      |
                                   山海关
                                     /
                                   京城
                                   /  \
                      日月神教 保定    |
                           \     |     |
                     客栈－三岔路口    |
                              //       |
                             驿道~~~~驿道
                              |        \
                           黄河北岸     绮云镇
                              $             \
                             开封          黄河北岸
                                             $
                                            济南

