
北京城地图

                                    北平府衙
                                        |                --------
                                    西四北大街 — 北海 — 紫禁城
                                        |                --------
                                        |          上房
                                        |            |
                                    西四北大街 — 如归客栈
                                        |                   --------
                                    西单北大街               紫禁城
                                        |                   --------
                                        |                       |
            鳌府厨房                  西单      高升茶馆     金水桥      裁衣店
                |                       |           |           |           |
鳌拜卧房 — 鳌府大院 — 鳌府大门 — 十里长街 — 十里长街 — 十里长街 — 十里长街 — 十里长街 — 康府大门
                                                                |           |
                                                      驿站 — 大广场     打铁铺子
                                                                |
                                                              京城

--------
 紫禁城
--------                             ------
                                      北海 — 神武门
                                     ------     |
        火场                                  西铁门 — 屏风 — 东铁门
          |                                     |
       保华殿 — 过道 — 雨花阁 — 英华殿 — 宁寿宫 — 御花园 — 小路 — 堆绣山
                   |                            |
      太后寝居   过道 — 西三所 — 养华门 — 寿华门
          |        |
       乾清宫 — 乾清门
                   |
                  过道
                   |
          南库 — 过道    房舍
                   |        |
小房 — 尚膳房 — 小院 — 走廊 — 太和殿
                            |        |
                          侧门 — 紫禁城
                                     |
                                 --------
                                  金水桥
                                 --------



