
 布达拉宫地图

                 灵骨塔内    后殿平台      石经室
                     |           |            |
                   塔林－后院－后殿－后院－石经室
                                 |
        藏宝殿                 台阶
           |                     |
        西侧殿－甬道－西侧殿－讲经房－东侧殿－甬道－东侧殿
                                 |
   女弟子休息室－西殿          台阶          东殿－男弟子休息室
                   |             |            |
                明灯室－甬道－断事司－甬道－明灯室 
                                 |
               客人休息室      台阶        抄经室－藏经室 
                    |            |            |      |
         参禅室－诵经室－甬道－前殿－甬道－诵经室－藏经室
                                 |
            杂役房 厨房－饭厅－前院  茶室              杂役房
               |           |     |     |                  |
     材料库－甬道－甬道－甬道－前院－甬道－甬道－甬道－甬道－香料库
               |     |     |     |     |     |     |      |
          金器作 木器作 铁器作   | 茶工房 漆工房 石匠房 衣袍作 
               羁押室－守卫室－宫门－了望塔－了望平台
                                 |
                               台阶－台阶－台阶
                                             |
                               台阶－台阶－台阶
                                 |
                      邸报馆 青石板路
                         |       |
                      拉萨驿－转角路－宫前街上坡
                                           |
                                      宫前街上坡
                                           |
                                杂货店－宫前街 
                                           |
                                          路口     
