
 成都城地图

                                              武侯祠      剑门关
                                                |        /
                                               甬道     驿道  
                                                |      /
                                               甬道   驿道
                                                |    /
                                    ※青城派※ 甬道 驿道
                                              \ |  /
                                               北门  散花楼二楼
                                                |        |
                                      听雨居－北大街－散花楼    道法场                兰亭
                                                |        |        |                    |
金沙江东岸－驿道－驿道－驿道－西门－西大街－－市中心 －东大街 －东大街－东门－东郊    清溪
                       /      /      |          |        |        |             |  \  /
                ※唐门※ 张仪楼 破旧宅院 赌场-南大街 天府钱庄  唐记当铺     笼翠庵 东郊
                                                |                                    |
                                               南门                               杜埔草堂
                                              /   \  
                                    ※峨嵋派※     ※茅山派※
                                                    \
                                                    长江北岸

