
 乔阴县地图

                                          ※杭州城※
                                              |
                                             驿道
                                              |
                                       乔阴县城北门
                                              |
                                           福林大街
                                              |
                                 石板空地－福林大街
                                     |        |
 马鞍山－驿道－乔阴县西门－西大街－西大街－树王坟*树王坟内部
                                              |
                                              |      福林酒楼－休息室
                                              |         ^
                                           福林大街  福林酒楼
                                              |         ^
                   县府衙门                福林大街－福林酒楼
                      |                       |
                 十字路口－承安街－承安街－南门广场  曲桥－曲桥
                      |                     /   |    |    |
                乔阴县南门－火龙将军庙－街道   曲桥－曲桥 曲桥－曼雩台
                      |          |
                    驿道   火龙将将军庙
            
                   

