
 峨眉山地图

                               金顶
                                 |
                             云海迷宫             静修庵
                                 |                  |
                             云海入口            山道
                                  \              /    \
             九老洞－小径         山 道 后山 山道     山道－药王洞
                        \        /    \  |  /    \ 
                       小径--小径      山道      小溪
                                         |         |
        蛇窟                           后园       小溪
         |                               |            \瀑布
        小道－北侧门－北廊－北廊－－－神灯阁－－－北廊－北廊－膳房－伙房
                        |                |               |
                禅房－西廊－禅房       后殿       禅房－东廊－厢房
                        |                |               |
       太子坪   禅房－西廊－禅房      接引殿      禅房－东廊－厢房 
         |              |                |               |           
        小道－西侧门－西廊－西廊－－千佛庵大殿－－东廊－东廊－东侧门－归云阁
        /               |                |               |
     雷动坪     禅房－西廊－禅房      文殊殿     禅房－东廊－厢房
                        |                |               |
                禅房－西廊－禅房      毗卢殿     禅房－东廊－厢房
                                         |
                                    千佛庵大门     万年庵
                                            \     /
                                             清音阁
                                               |   
                                             神水阁
                                               |
                                              石阶
                                               |
                                             山门殿
                                               |
                                              山门
                                              /
                                           玉女池
                                             | 
                                            石枋
                                             |
                         保国寺大殿 罗峰山 解脱桥
                              |       |   /
                 凤凰台－保国寺大门－伏虎寺
                              |
                            广场             ※成都※
                              |               /
                            解剑石         峨眉山脚下
                              |             / 
                             石阶         石阶
                                \         / 
                                 石阶－石阶
                 

