
 福州城地图

                                     驿道
                                       \
                                       武夷山路－驿道
                                                    \
                                                   幽径
                                                     |
                                     酒店二楼      北口
                                         |           |
                                     无醉不归家－福州大街－肉铺
           卧室                  驿站                |
             |                     |                 |
     后门－后院－过道－过道－福州镖局大厅－门房－福州大街－花店
                                   |                 |
                              镖局办事处 兵器店－福州大街－书院
                                   |                 |
                                练武厅           福州大街－福州府衙
                                                     |
                                         小河边－福州南门
                                            |   /
                                           石桥
                                            |
                                           港口
                                            |
                                          旧炮船*灵蛇岛
                                                    

灵蛇岛：
巨舟踏板－平地－山路
                 |
                山路 花叶居
                 |      |
                山路－山巅－山路
                             |
                            山路－山路－山脚*旧炮船

巨舟踏板：
战船－踏板－战船－踏板－战船－踏板－战船－踏板－战船－踏板－战船－踏板
  |                                                                |
踏板                                                               |
  |                                                                |
战船                                                              战船－踏板
  |                                                                |
踏板                                                               |
  |                                                                |
战船－踏板－战船－踏板－战船－踏板－战船－踏板－战船－踏板－战船－踏板

战船：波斯战船
踏板：巨舟踏板


