
 古墓派地图

                       大厅
                        |
                       墓道
                        |
                 石室－墓道－小石洞
                        |
                       墓道  小厅  小厅
                        |     |      |
         小石厅－墓道－墓道－墓道－小石厅
                              |
               侧室 古墓侧室 墓道
                |       |     |
               走道    墓道  墓道
                  \     |     |
           厨房－走道－侧室－墓道        山道－小溪
                   |          |          /      |       
             古墓派休息室    墓道      山道    山道  ※长安※
                              |        /          \     |
                            断龙石－山道         山道－石阶 
                              |                        /
                             草地                  ※全真※
                              |
                       草坪－草地
                              |
                 小道－小道－草地
                   | eu    wu
                 小道
                   |
                 小道
                   |
                 空地
                   |
                小树林
                   |
                小树林
                   |
               ※全真※

                                            
