
 杭州城地图
                        
                                                                                 山路
                                                                                  |
                                                                                 北门
                                                                                  |
                                                                               德胜大街
                                                         宝珠山庄大门－花园－大厅 |
                                            黄龙洞－黄龙吐翠     |             德胜大街
                                               |                 |                |
                                西湖美景   黄龙洞甬道         柳荫路           德胜大街
                                   *            \                |                |
          桃源岭－桃源岭－岳坟－杭州香格－湖岸－来凤亭－湖岸－望江楼－武林门－ 武林广场－杨氏大药铺
                  /       |   \                                / |                |  \
               山道    碎石路  苏堤                 画舫*三雅园 断桥残雪    杭州府衙  \
                 |        |      |                                            秘洞－景芳亭        
   一线天－－—山道  曲院风荷  苏堤                                                    |
      |          |        |      |                                                     |
     广场 天外天酒楼 西山大道    |                                                     |
      |                   |      |                                                     |
   灵隐寺    西湖乡－西山大道    |                                                     |
               /         \       |                                                     |
            碎石小路  西山大道   |                                                     |
             /             \     |                                                     |
 碎石小路－碎石小路    花港观鱼  |                        浣纱亭  南山大道－－－－－庆春大街
   /                         \   |                           |   /                     |
龙井村－九溪十八涧－山溪    十字路口－南山大道－南山大道－西子客栈                  庆春大街  
                     |          |              玉皇山巅      |                         |
                     |          |                 |       西子客栈                  河坊街
    _________________|          |              玉皇山脚                             /
   |                            |                 |                                /
   |                            |               玉皇巷                            /
   |                            |                 |                              /
山间小路－钱塘大堤－月轮山脚－十字路口－复兴街－复兴街－－－－－－－复兴街－复兴街  
             /          |       |
五云山巅－五云山麓   六合塔  钱塘江石桥        
                                |
                               南门
                                |
                               驿道 


西湖：

西湖美景*杭州香格
   |
西湖美景                                        西湖美景－杭州香格
    \                                              |    
    西湖美景                                    西湖美景 西湖美景－孤山－月波楼
       |                                           |    /
    三潭映月－湖中湖－花心亭－湖中湖－三潭映月－三潭映月
       |                        |
      画舫                   西湖美景
                                |
                              柳荫路－凤林寺大门**凤林寺
                                                    |
                                                 南山大道



