
华山地图

     小路                      正厅
      /                          |
  青柯坪     成不忧的卧室 — 华山别院庭院 — 封不平的卧室
     |                           |
  千尺幢                     华山别院大门
     |                      /
  百尺峡 — 仙人桥 — 老君沟 — 小茶棚
                         |（本为northup）
                      云台峰                            将军石
                         |                                |
                      耳擦崖                             碑刻    玉女峰
                         |                               |  |          \
                      上天梯 — 苍龙岭龙尾      苍龙岭龙头  长空栈道 — 长空栈道 — 朝阳峰
                                         |       |                     /       |
                                        苍龙岭龙脊    贺祖洞 — 九节朽木椽     |
                                                                               |
                                                     莲花峰 — 绝壁            |
                                                        |          \           |
                                           斧劈石 — 翠云宫         斜坡 — 金天宫 — 落雁峰
                                                                                         |
                                                                                       大门
                                                                                         |
                                                         长老居室               厨房 — 院子 — 华山休息室
                                                             |                           |
                                               道士居室 — 后院 — 小道士居室 书房 — 正气堂 — 卧室
                                                             |                           |
                                                           后殿                      华山后院
                                                             |                             \
                                                 西侧殿 — 濪灵殿 — 东侧殿                小路
                                                             |                               \
                                                           月台                              小路
                                                             |                                 \
                                                           濪灵门 —————————————— 小路
                                                                                                 
