--------------
 京城西部地图
--------------

       敕建景教寺2 — 青龙大街 — 民宅3
                         |
    城隍1                |                                  皇宫正门
      |                  |                                     |
    广场5 — 古董店6     |                     三花会7         |
      |                  |                        |            |
  玄武大街11 ———— 十字路口 — 玄武大街 — 玄武大街 — 北大街十字路口 
      |                  |                                     |
  12民宅  厨房           |                                     |
           |             |                                     |
  15贾家灌汤包子铺 — 青龙大街                16张家铁铺 — 北大街
                         |                                     | 
        20叶氏草堂 — 青龙大街 — 民宅21      柳记布庄22 — 北大街
                         |                                     |
          23紫阳楼       |         长安府    三联书局24        |
              |          |            |          |             |
阜成门 — 西长安街 — 十字路口 — 西长安街 — 西长安街 ——— 广场
  27          |          |            |          |             |28 
           化生寺        |       31总管府第  相记钱庄32        |
                         |                                     |
            西营房 — 青龙大街                   董记当铺 — 南大街
                         |                                     | 
  后厅 — 赌坊大厅 — 青龙大街 — 吉祥杂货铺     国宾馆38 — 南大街
                        |            37                        |
                        |                   刘家绢帛店42       |
                        |                        |             |
          朱雀大街 — 十字路口 — 朱雀大街 — 朱雀大街 —— 十字路口
              |         |            |           |             |
         破旧民宅44     |          清虚观     纵横商号45       | 
                        |                                      | 
                      青龙大街                              永定门47
                                   
--------------
 京城东部地图
--------------

  皇宫正门
     |
     |             考场8       武馆             白虎大街9 — 民宅10
     |               |           |                |
北大街十字路口 — 玄武大街 — 玄武大街 — 玄武大街丁字路口
     |               |           |                |
     |            铁匠铺13    将军府14            |
     |                           |                |
  北大街 — 回春药铺17        练武场          白虎大街 — 龙王庙19
     |                          18                |
     |     纵横驿站25  振远镖局26                 |       东大营
     |         |           |                      |          |
    广场 — 东长安街 — 东长安街 —————— 十字路口 — 东长安街 — 东长安街 — 朝阳门
     |28       |           |                      |29        30
     |      兵器铺33     驿站34                   |
     |                                            |
   南大街 — 南城客栈35                       白虎大街 — 荣记肉店36
     |                                            |
   南大街 — 国子监39               鲜花店 — 白虎大街 — 小秦淮酒家41 — 二楼 — 三楼
     |                                40          |
     |                                            |                  丰记粮店43
     |                                            |                       |
 十字路口 — 朱雀大街 — 朱雀大街 ————— 十字路口 — 朱雀大街 — 朱雀大街
     |                        |                   |
     |                  孔记木器店46              |
     |                                            |                            
  永定门47                        48水果店 — 白虎大街 — 长安乐坊49 — 乐坊二楼


1.庙祝  2.神父  3.败家子(筛子)  4.侍卫(铁甲,亮银枪,方天画戟,降魔杵)  5.糖人王
6.林老板  7.流氓  8.刘伯温  9.戚四  10.妇人,丫鬟  11.朱阿香,牛二,流氓,乞丐
12.男主人,女主人  13.王铁匠(黄)  14.秦玉  15.贾老实  16.徐夫人,张铁匠
17.杨中顺  18.秦报国(?),小童  19.农民(蓑衣)  20.叶诚治  21.秀才  22.柳云天
23.冼老板,客人  24.贺知章  25.戴宗  26.萧升,镖师(长刀),趟子手(长刀)
27.赵齐贤(青色长衫),官兵(军服,单刀)  28.李白,卖花小女孩  29.游侠儿  30.江上游
31.殷开山,巡捕  32.相国福  33.萧萧  34.小陈  35.葛云  36.荣有禄(杀猪刀)
37.魏不悔  38.马可菠萝  39.教授,酸秀才  40.女孩  41.秦歌  42.刘二娘
43.丰有福  44.大老鼠(红)  45.唐楠  46.孔长生
47.武将(可程式战斗装甲,方天画戟),官兵  48.田老板  49.柳玉儿,南天霸,女孩
50.老板娘
游客,小孩
驿站:苏州,岳阳,雪亭镇,倚云镇,嘉峪关,泉州,西藏
糖人王:唐僧糖人,孙悟空糖人,猪八戒糖人,沙僧糖人
古董店:和氏璧,翡翠杯,先秦陶马
朱阿香:青葫芦,面具
牛二:雪花糕点,香糕
铁匠铺:黄铜禅杖,鸳鸯刀,金轮铠甲
包子铺:狗不理包子,蟹黄包子,羊肉包子
药铺:天香断玉膏,金创药
布庄:青布长衫,黄马褂,红绸马褂,白背心,粉红绸衫
醉八仙酒家:排骨面,糖醋鲤鱼,女儿红(红)
紫阳楼:烤鸡腿,包子,牛皮酒袋
三联书局:老子,杜甫,庄子,李白
兵器铺:钢剑,钢刀,银枪,长剑,短剑,羊鞭,铁棍
南城客栈:水晶包子,排骨面,红烧豆腐,花生,沙锅饭,酸辣汤,糖醋鲤鱼,麻辣豆腐,
         蟹黄包子
肉店:马肉,牛肉,猪头肉,驴肉,羊肉,牛尾
吉祥杂货铺:铁盾,铁背心,无情刀
花店:牡丹花,玫瑰花,水仙花
小秦淮酒家:女儿红(红),竹叶青,波斯酒
布店:五彩丝攒花结长穗宫绦,束发嵌宝紫金冠,百蝶穿花大红箭袖,
     石青起花八团倭缎排穗褂,二龙抢珠金抹额
粮店:大米
木器店:木椅,红木鼎
水果店:西瓜,杨梅,大枣,草莓,蜜桔,香蕉


