 金轮寺地图



                                        崎岖山路－崎岖山路－－－－－－－－－－山路
                                            |                                   |
       塔楼顶层                            后门                                 |
          |                                 |                                   | 
       塔楼四层  藏经阁二层  禅房    山坡－后院－菜院－厨房  禅房               |
          |        |          |             |                 |                 |
       塔楼三层  藏经阁－－－走廊－－－－－后殿－－－－－－－走廊－平台         |
          |                                 |                                   |
       塔楼二层             北阁   休息室  甬道     客房                        |
          |                   |      |      |        |                          |
       塔楼一层    守塔人屋 北殿    西厢－中央大殿－东厢         守卫室         |
          |            |      |      |      |        |             |            |
        塔楼－－－－－塔院－石板路－甬道－殿前广场－甬道－前门殿－前院－寺门－山路
                       |      |      |      |        |             |            |
                    明灯屋  南殿   诵经室－甬道－－讲经房        杂役室         |
                              |             |                                   |
              后山小平台－－南阁          石板路                                |
                  |                         |                                   |
              大练武场－演武厅－小练武场－石板路－－－－－－－－－－－山崖边**山路
                           |                |
                       武籍存放处         武器库
                                            *
                                        武器库密室
