 拉萨城地图
                           

民居－街道－八角街－－－八角街－－路口－－八角街－鹰记商号－商号后院
               |                            |
            八角街                        八角街  塔顶  垃圾场－小路－小路
               |                            |      |                   |
            八角街              大招寺门－八角街－城门－－－－－－－－草原－草原
               |                            |
      民居  八角街                        八角街－迎梅客栈－客房
        |      |                            |        |
民居－街道－八角街－路口－八角街－八角街－八角街  丹青小屋
        |            |
      民居          小路



大招寺：

                         穹形石窟－木屋    
                            |
              休息室       禅房     厨房
                |           |        |      
极乐世界*塔林－后院－禅房－寺院－大招寺前院－大招寺门
                |           |        |
              休息室       禅房     禅房   


拉萨城南：

                                     路口
                                      |
冰柱林*昆仑之墟                      小路
   |                                 /
冰柱林                             采石场
     \                             /             
      冰川－雪峰               石场小路
             |                   /
            大山            石场小路  
             |                 |
            峡谷－峡谷－峡谷－峡谷－峡谷**蛤蟆洞
                               |
                           雅鲁藏布江
                               |
                             铁索桥
                               |
         喜马拉雅山北麓－雅鲁藏布江南岸


喜马拉雅山：

                                                       喜马拉雅山北坡－喜马拉雅山北麓
                                                            |
                                                 上山路－上山路
                                                  /
                         雪线－荒草坡－灌木丛－开阔地
                          |                      |
                 冰台阶－冰川                  小木屋
                    |
                 死亡线
                   /  
  世界屋脊－珠穆朗玛峰北侧
      |
珠穆朗玛峰顶



