 晚月山庄地图

              禁闭房－后院走道     傍厅
                         |          |
后院书房－后院走道－－大厅后院－晚月庄大厅－晚月庄前庭－晚月庄大门
             |           |                      |
   休息室  密室 内厅－内厅穿堂                 前院
     |                   |                      |
   夹道－－－夹道－－－仪门－大饭厅－膳房－厨房 |
     |        |          |                      |   
上等厢房    客房       后厅                   月洞门
                                                |
                                     湘园小径－翠嶂－长廊曲洞
                                        |       |       \
                                      桂花园  沁芳桥     \
                                        |       |      朱栏板桥
                            紫翎小轩－甬路    沁芳亭      |
                                        \       |         |
                                        香榭－翠嫣桥   暖香榭
                                                    \  /
                                                    甬路
                                                     |
                                                 晚月庄后门

后厅一层：
   
         二楼走廊
            |
 内书房－后厅走道－－后厅－后厅走道
            |                 |
        西厢房走道        东厢房走道
            |                 |
西厢房－西厢房走道－内厅－东厢房走道－东厢房
            |        |
         二楼走廊 内厅穿堂－沐浴更衣室－小花池

后厅二楼：

         后厅走道   翠湘阁
            |         |
         二楼走廊－二楼走廊
            |         |
   佛堂－佛堂门前   前堂楼
            |         |
         二楼走廊－二楼走廊
            |         |
        西厢房走道  缀芳阁   

晚月庄门外：
 
                                                      茅屋内－茅屋外
                                                        *       |
                                   地道……地道－地道*茅屋内    |
                                     |                          |
                     山路－小路－山中小路－－－－－－－－－－－山坳
                    /    \
                  广州  蜿蜒小径－小径
                                     \
                          ※竹林※－小径  
                                      | 
                                  蜿蜒小径
                                  /
                           晚月庄大门           
                                        

