
灵鹫宫地图
 
                                       后花园      厨房
                                         |           |
             药品房 — 书房 — 小路 — 后厅空地 — 小路 — 休息室
                                 |                   |
                                 |                   |
                                 |     独尊厅        |
                                 |       |           |
                     骆驼房 — 小路 — 青石路 —— 小路
                                         |
             朱天部总部  昊天部总部      |       幽天部总部   钧天部总部
                 |           |           |            |           |
 成天部总部 — 走廊 ——— 走廊 ——— 青石路 ——— 走廊 ——— 走廊
                 |           |           |            |           |
             阳天部总部  赤天部总部      |       玄天部总部   鸾天部总部
                                         |
                             护具库 — 演武场 — 武器库
                                         |
                                     灵鹫宫门前
                                         |
                                    ------------
                                     灵鹫宫南部
                                    ------------


------------
 灵鹫宫南部
------------

      灵鹫宫门前
           |
       青石大道
           |
       青石大道
           |
        仙愁岭
           |
        接天桥
           |
        失足岩
           |
        断魂崖   
           |
      缥缈峰山腰
           |
         山道
           |
         山道
           |
      缥缈峰山脚
             \         
          天山南麓     
               \                
                驿道

