
明教地图


                  闺房
                    |
          西厢 — 后院 — 东厢
                    |
       赏月亭 — 月亮门 — 花房
           |        |        |
 柴房 — 池塘 — 后花园 — 假山   闺房
                    |               |                           洪水旗大厅
                 后花园 ———— 后花园                             |
                                    |                           洪水旗长廊 
                                明教宝殿                            |
                                    |                           洪水旗大门  
                     休息室    光明顶大殿    药品房                 |
                       |            |           |                  山路
   饭厅 — 走廊 — 左演武场 — 殿前演武场 — 右演武场 — 走廊       |
                                    |                      |       山路
                                  石阶                  练功房      |
                                    |                              山路
                                  石阶                              |
                                    |                       山路   山路
                                  石阶                          \   |
                                    |                            山路  
                                  石阶                              \
                                    |             大厅             山路
                                    |               |                 \
                     翠竹林         | 门楼一层 — 大院 — 侧门 — 青石大道
                       |   \        |               |                  |
                     翠竹林 \       |             练武场         青石大道
      ------------     |     \    石阶                         /
       巨木旗树林 — 翠竹林   \     |                 青石大道
      ------------     |       \    |               /
      巨木旗休息室 — 大厅      \   |      青石大道    
                                 \  |    /
                                  光明顶
                                 /  |   \
                                /   |    \
                        青石大道    |    黄土大道
                           /      光明顶     \
                          /         |         \
                   青石大道         |        黄土大道
                     /              |
                    /             青石阶
     大厅 — 青石大道               |
                                    | 悬天石
                                    |  v
                                  悬天崖
                                    |
                                    |
                                    |                            ----------
                                 青石阶 — 青石阶 — 明教山门 — 明教东部
                                                                 ----------

----------
 明教东部
----------
                                                       --------
     明教山门 — 青石阶 — 青石阶 ———— 昆仑山下 —  戈壁滩
                   /          |                        --------  
              羊肠小道     青石道                          |
                              |                            |
                   天门男舍   |     深潭 — 碧水寒潭       |
                       |      |       |                    |
                     松林     |     门口                   |
                        \     |     /                      |
                        松林  |  草地                      |
                           \  | /                          |
                            广场                 里屋      |
                           /    \                  |       |
                        草地    竹林    农家 — 小镇 — 小木屋
                        /          \                      /
                     门口           \  竹林           昆仑山
                       |             \  |
                   宝相精舍          竹林
                                        |
                                   道家竹舍


