
日月神教地图

     内厅 — 小院
               |
           ----------
            地下密道 — 小屋
           ----------     |
                        成德殿
                          |
                       *十神阁*
                          |
                       青石大道
                          |
                       青石大道
                          |
                       青石大道
                          |
                       青石大道
                          |       ------
             议事厅 — 青石大道 — 牢房          练武场
                          |       ------            |
                       青石大道 ———————— 练武场
                          |
                  饭堂-青石大道-柴房
                          |
                       青石大道
                          |
                       青石大道
                          |
                       白玉牌楼
                          |
                         平地
                          ^
                         平地
                          |
                        大石门
                          |
                         铁门
                          |
                       羊肠小道
                          |
                         铁门
                          |
                       羊肠小道
                          |
                         铁门
                          |
                       羊肠小道
                          |
                       羊肠小道
                          |
                       羊肠小道
                          |
                       羊肠小道 — 羊肠小道
                                       |
                                   羊肠小道
                                       |
                                   羊肠小道
                                       |
                                   羊肠小道
                                       |
                                   羊肠小道
                                       |
                                   羊肠小道
                                       |
                                   羊肠小道
                                       |
                                   羊肠小道
                                        \         --------
                                      羊肠小道 —  猩猩滩
                                                  --------
--------
 猩猩滩
--------

 猩猩滩 ...... 猩猩滩 — 黄土大道 — 黄土大道                        大驿道
                                            \                          /
                                            黄土大道 — 黄土大道 保定城门
                                                                \  | 
                                                     顺升客栈 — 路口
                                                                  /

--------
 十神阁
--------
                                         |
神叉阁—神掌阁—神戟阁—神钩阁—神刀阁—广场—神剑阁—神枪阁—神斧阁—神锤阁—神鞭阁
                                         |
------------
 议事厅入口
------------

entry1          兵器储藏室(木剑)
                     |
                  青龙堂(上官云)

entry2          兵器储藏室(木枪)
                     |
                  白虎堂(罗烈,长枪)

entry3          兵器储藏室(木钩)
                     |
                  朱鹊堂(贾布,吴钩)

entry4          兵器储藏室(竹鞭)
                     |
                  玄武堂(鲍大楚,长鞭)

entry5          兵器储藏室(木锤)
                     |
                  风雷堂(童百熊,银锤)

entry6          兵器储藏室(木叉)
                     |
                  天风堂(桑三娘,五股钢叉)

entry7          兵器储藏室(木刀)
                     |
                  地火堂(王诚)

entry8          兵器储藏室(木戟)
                     |
                  锐金堂(葛停香)

