
苏州城地图


                                                        ----------
                                                         苏州北部
                                                        ----------
                                                            |
                                                          北城门
                                                            |          ----------
                               + —— 小巷子 —————— 北大街 ——— 十里长街
                              /          |                  |          ----------
                      镖局后门 弟子居    |                  |
                           |  /          |                  |
        女弟子休息室 — 后花园 — 厨房   |                  |
                           |             |                  |
               镖局驿站 镖局大厅 精进楼  |    如意茶馆 — 北大街 — 驿站
                      \    |       |     |                  |
                        练武场 — 帐房   |                  |                衙门后厅 — 书房
                           |             |                  |                    |
                      威远镖局        小巷子  八仙酒楼 — 北大街 — 武墓祠   衙门正厅 — 书房
                           |             |         |        |                    |
               水井        |          小巷子       |        |        钱庄    衙门大门
----------       |         |             |         |        |          |         |      ----------
 苏州西部  — 西大街 — 西大街 ——— 西大街 — 西大街 — 市中心 — 东大街 — 东大街 —  苏州东部
----------       |         |             |         |        |          |         |      ----------
              杂货铺    小吃店        静心斋   左家大门     |        当铺    兵营大门
                                                  /         |                    |
                                           左家大院         |                  营帐
                                            /               |                    |
                                     左家后院   红娘庄 — 南大街 — 客店       主营 — 马棚
                                                            |
          苏州园林 — 苏州园林                              |
                          |                                 |
                      苏州园林 — 苏州园林 — 苏州园林      |                 小巷子               赌馆     丽秋院
                          |                                 |                    |                   |         |
                      苏州园林 ————————————— 南大街 — 小巷子 — 小巷子 — 小巷子 — 烟花街 — 烟花街
                                                            |                                        |         |
                                                          南城门                                  丽夏院    丽冬院
                                                            |


----------
 苏州北部
----------


                     客房 — 后庭 — 客房
                               |
                             大殿 — 舍利塔
                               |
                             广场
                               |
                    树林 — 寒山寺门
                               |
                             山道
                               | 
                             山脚
                              /
           大道 — 大道 — 大道
            |
            | 客船
            | ^
           枫桥
            |
          北城门

----------
 苏州东部
----------

 苏州城 — 东城门 — 大驿道 — 大驿道 — 大驿道 — 大驿道 — 小亭


----------
 苏州西部
----------

      大驿道 — 大驿道
                   |
   ~~~~~~          |
    长江           |                          
   ~~~~~~          |
       \           |                       
        驿道 — 大驿道 — 大驿道 — 西城门 — 苏州城


----------
 十里长街
----------


              葫芦庙客房 — 葫芦庙后庭 — 葫芦庙客房
                                 |
                            葫芦庙大殿
                                 |
                   民宅      葫芦庙门                 裁缝店       药铺
                     |           |                       |           |
       北大街 — 十里长街 — 十里长街 — 十里长街 — 十里长街 — 十里长街
                     |           |                       |           |
                 林氏饭馆    甑家大门                  民宅        书店
                                 |
                       侧房 — 前庭
                                 |
                               正厅 — 书房
                                 |
                               后庭
                                 |
                       后房 — 后房



