
泰山地图

                          正气厅7 — 封禅台9 — 侠义厅
                                        |
                          北天门        |
                             |          |
                          丈人峰9 — 玉皇顶7 — 月观峰8 — 探海石 — 东天门
                                        |
                                        |         试心石
                                        |           |
                            西天门      |         莲花峰
                               |        |           /
                            月观峰 — 南天门6 — 天街
                                        |           \
                                      升仙坊      围屏山 — 碧霞祠 — 宝藏岭
                                        |
                                      龙门
                                        |
                                    五大夫松
                                        |
                                     二天门5
                                        |
                                     回马岭4
                                        |
                          斗母宫2 — 石经峪3
                            |
                          一天门1
                            |
                          白鹤泉
                            |
                          岱宗坊
                            |
                           驿道

1.刀客 2.剑客 3.游方和尚(青布僧衣) 4.剑客,挑夫 5.挑夫
6.江百胜,青衣武士 7.红衣武士 8.公平子 9.白衣武士


