
华山村地图

    民宅1      玄坛庙?
      |          /
    西村口 — 碎石路
                  \
                碎石路      杂货店3           民宅4            玉泉院大门5
                /   \          |                |                   |
            民房5 打谷场 — 碎石路 —— —— 碎石路 — 碎石路 — 东村口6
                      |        |                |         |         |
                      |      铁匠铺7 — 小房间 小酒店8   草棚     小路 华山脚下
                      |                                               \  |
         小巷尽头9  碎石路 — 前厅 — 内室                            小路
             \        |                                                 |   
            小巷 — 碎石路                                            小路
                      |                                               /
          书院10 — 碎石路 — 小土房11                            青柯坪
                      |
                    碎石路
                      |
                    南村口
                      |
                    黄土路

1.穷汉  2.翠花  3.李四  4.地保  5.李铁嘴  6.李斧头  7.冯铁匠  8.孙老头
9.地痞,流氓  10.秀才  11.老大娘
男孩,女孩,小孩,小贩,野狗
草棚:麻鞋,五香茶叶蛋,水壶,手杖

9 小流氓(punk),
  王小二:ask punk about 王小二,se,e,n,n,n,nw,nw,nw,..ne,ne,enter hole.


