
西夏城地图

                                                        大道
                                                         |
                                                        吊桥
                                                         |
                                                       北城门
                                                         |
                                                       北大街                        西夏府衙
                                                         |                              |
              西大街 — 北大街 — 北大街 — 北大街 — 北门广场 — 北大街 — 北大街 — 北大街
                |                                        |          |                   |
                |                                       榷场      铁匠铺                |
                |                                                                       |
                |                           保和殿                                      |
                |                              |                                        |
                |                           中和殿                                    东大街
                |                              |                                        |
              西大街                        太和殿                                      |
                |                              |                                        |
                |                 文华殿 — 太和门 — 武英殿                            |
                |                              |                                        |
                |                          金水桥                                     东大街
                |                              |                                        |
                |      御花园 — 宫中小径 — 御道 — 宫中小径 — 御膳房                 |
                |          |                   |                                        |
              西大街  花园小径               午门                                       |
                |          |                   |                                        |
                |     花园小径               御道                                     东大街
                |          |                   |                                        |
                |    ----------              端门                                       |
--------        |     西夏后宫                 |                                        |
西夏西部 — 西门广场 ----------    社稷坛 — 御道 — 太庙                               |
--------        |                              |                                        |       ----------
                |                           承天门                       董记钱庄 — 东门广场 — 西夏东部
                |                              |                                        |       ----------
                |                    虎门 — 天街 — 龙门                               |
                |                              |                                        |
              西大街           中军都督府 — 御道 — 吏部                               |
                |                              |                                        |
                |              左军都督府 — 御道 — 户部                               |
                |                              |                                        |
                |              右军都督府 — 御道 — 礼部                 丰登当铺 — 东大街
                |                              |                                        |
              西大街           前军都督府 — 御道 — 兵部                               |
                |                              |                                        |
                |              后军都督府 — 御道 — 刑部                               |
                |                              |                                        |
                |        嘉宾室 — 一品堂 — 御道 — 工部                               |
                |                              |                                        |
              西大街                         永定门                                   东大街
                |                              |                                        |
                |                            南大街                                     |
                |                              |                                        |
                |                  将军府 — 南大街    高升客栈                         |
                |                              |          |                             |
              南大街 — 南大街 — 南大街 — 南门广场 — 南大街 — 南大街 — 南大街 — 东大街
                                               |
                                             南大街
                                               |
                                             南城门
                                               |
                                              吊桥
                                               |
                                              大道


----------
 西夏后宫
----------
                                                           花园小径
                                                               |
钢丝上 — 深涧旁 — 甬道 — 甬道 — 甬道 — 青凤阁内堂 — 青凤阁凝香堂
  ┃
  ┗━━━━━━━━━━━━━━━━━━━━━━━━━┓
                                                      ┃ 
      内堂                                            ┃
       |                                              ┃ 
      内堂                                            ┃ 
       |                                              ┃ 
 青凤阁内书房 — 甬道 — 山洞门前 — 竹林 — 幽兰涧旁 ┛ 


----------
 西夏西部
----------

      玉门关 — 珠宝店
        |
       驿道
          \
  沙漠 — 敦煌
            \                
            驿道 — 驿道 — 驿道 — 嘉峪关 — 大道 — 吊桥 — 西城门 — 西大街 — 西门广场


----------
 西夏东部
----------

          树林 驿站 小兵营帐 小队长营帐
            | /        |         |
  吊桥 — 大道 — 军营入口 — 营火区 — 副将营帐 — 将军营帐
                       |         |
                    小兵营帐 小队长营帐



