 西藏地图

                                                        ※西夏※
                                                              \
                                                             驿道
                                                                \  
                                                               驿道 
                                                                  \  
                                                                 驿道 
                                                                    \
                                                                   驿道 
                                                                      \  
            ※天山灵鹫宫※    驿道－驿道－驿道－青海湖               驿道
                         \   /                   / \                    \ 
                          驿道               驿道  驿道－驿道－驿道－黄河渡口
                           |                  /
                          驿道  ※明教※   驿道
                           |   /           /
                         昆仑山       ※星宿海※
                           |
                          驿道
                           |
                          驿道
                           |
                        唐古拉山
                           |
                        昆仑山路
                           |
          ※札什伦布寺※－山路
                           |
          ※札什伦布寺※－山路
                           |
        ※札什伦布寺※……山路
                           |
                        昆仑山路 
                           |
      ※拉萨城※……草原－草原－山路－山路－※雪山※－金沙江西岸
                                 |
                                绝崖
                                 .
                                 .
                                 .
                            ※恶人谷※                             
                                   

