 雪山寺地图


     山脚－雪山山麓－雪山之顶－－－－－雪山半腰－－－－－山路－山路－金沙江西岸
                        |                     雪山寺门          |
                     冰川小路                     |             |
                        |                        山路－山脚     |
                      小路                               |      |
                          \                          湖边小路   | 
                         雪梅谷－雪梅洞口－>雪梅洞       |      |
                                                     湖边小路   |  
                                                        /       |
                                圣湖－湖边小路－湖边小路        |
                                  |                             |
                                土路                          小路
                                  |                           /
                          客店－土路－－－－－－－—土路－草原
                                             
                                        
     
雪山寺：
                              密室
                               *
                               *
             山路 藏经室二楼  密道－内殿－天台
              |       |              |
             山路 雪山藏经室－－－－走廊－禅室
              |                       |
             后门－地牢       走廊－大厅－走廊
              |                |           |
             后院             侧殿－大殿－侧殿  厨房
              |                      |           |  
      库房－练武场－－－－－－－－－广场－－－－小院
                                     |
                                  雪山寺门


