
雪亭镇地图

                               山坳
                                 |
                 雪亭驿1 — 雪亭镇街道 — 驿站2
                                 |
               桑林药铺3 — 雪亭镇街道 — 丰登当铺 — 储藏室
                                 |
               打铁铺子4 — 雪亭镇街道                       兵器储藏室                        书房5
                                 |                                |                              |
               安记钱庄6 — 雪亭镇街道 — 淳风武馆大门7 — 淳风武馆教练场8 — 淳风武馆大厅9 — 天井 — 武馆内院
                                 |                                                               |
                                 |                     山路                                     客房
                                 |                      /
                 饮风客栈10 — 广场 ——— 城隍庙11 黄土小径
                                 |             |     /
青石官道 — 雪亭镇街道12 — 雪亭镇街口13 — 黄土小径
              |                  |    \
             书院14          林间小路  驿道
                                 |      
                             林间小路
                                   \
                                林间小路 — 林间空地15 — 林间小路 — 小石桥16 — 林间小路17
                                    |
                                林间小路18
                                    |
                                 下坡路
                                    |
                                 下坡路
                                    |
                                 下坡路

1.杜宽  2.花无机  3.杨老板,樵夫(铁斧)  4.王铁匠(黑)(铁锤)  5.柳绘心  6.安惜迩
7.刘安禄(单刀)  8.李火狮,武馆弟子(粗布衣)  9.柳淳风(狼皮雪靴,丝绸马褂,白缨冠)
10.逢义  11.庙祝  12.农夫,老农夫(蓑衣)  13.黎生  14.魏无极
15.黑衣人(夜行衣,飞刀)  16.土匪喽罗(短剑)  17.毒蛇  18.土匪
苦力,疯狗,醉汉,收破烂的
驿站:岳阳,倚云镇,京城
桑林药铺:灵芝,人参,雪莲,金创药
饮风客栈:牛皮酒袋,烤鸡腿,匕首,包子

