
倚云镇地图


          \    /
           驿道     香茗坊茶窖                                        ---------- 
             \          |                                              张家花园
镇北肉铺1 — 北市场 — 香茗坊2    药店3                               ----------   
                |        |          |                                     |
   棺材铺 — 西市场 — 中市场  — 东市场 — 兵器屋4                    花园小亭
                |        |          |                                     |
              布庄5    杂货铺6 — 南市场7                              张百万家
                                    |                                     |
     红娘庄8                        |         怡红院9       张家花园  绮云镇街道
        |                           |            |              |    /     \
   绮云镇街道10 — 绮云镇街道 — 十字路口 — 绮云镇街道 — 绮云镇街道      茶场11
        |               |           |            |              |
      书局            斋院12        |          赌场13         镖局14 — 镖局驿站
                                    |
                      驿站15 — 绮云镇街道
                                      \
                                    黄河北岸
                                   ~~~~~~~~~~
                                   ~~~~~~~~~~

1.郑屠夫(牛皮束带),苍蝇  2.茶博士,弈者(棋子)  3.伙计  4.兵器贩子
5.裁缝(裁衣剪)  6.杂货贩(飞镖)  7.马俱为  8.媒婆(黑)
9.鸨母(舞蝶彩衫),李师师(粉红绸杉)  10.朱亭  11.茶工  12.化缘和尚(青布袈裟)
13.宝官  14.陈剑秋(霜月刀),飞贼(夜行衣),趟子手  15.周老板
县城官兵,乞丐
驿站:岳阳,京城
杂货铺:化尸粉,麻绳,布袋
兵器屋:飞镖,皮鞭,竹剑,单刀,长剑,匕首,牛皮盾,木棍
香茗坊:茶壶,烤鸡腿,茶叶,包子


